[www.matchsourcing.com/index.html]
[backblue.gif]
[fade.gif]
[index.html]
[www.matchsourcing.com/feed]
[www.matchsourcing.com/comments/feed]
[www.matchsourcing.com/wp-includes/css/dist/block-library/style.min.css]
[www.matchsourcing.com/wp-content/plugins/woocommerce/packages/woocommerce-blocks/build/wc-blocks-vendors-style.css]
[www.matchsourcing.com/wp-content/plugins/woocommerce/packages/woocommerce-blocks/build/wc-blocks-style.css]
[www.matchsourcing.com/wp-content/plugins/wp-whatsapp/assets/dist/css/style.css]
[www.matchsourcing.com/wp-content/plugins/cleantalk-spam-protect/css/cleantalk-public.min.css]
[www.matchsourcing.com/wp-content/plugins/woocommerce-gateway-paypal-express-checkout/assets/css/wc-gateway-ppec-frontend.css]
[www.matchsourcing.com/wp-content/themes/hello-elementor/style.min.css]
[www.matchsourcing.com/wp-content/themes/hello-elementor/theme.min.css]
[www.matchsourcing.com/wp-content/plugins/elementor/assets/lib/eicons/css/elementor-icons.min.css]
[www.matchsourcing.com/wp-content/plugins/elementor/assets/css/frontend.min.css]
[www.matchsourcing.com/wp-content/uploads/2021/03/BG-TEAN-Home.png]
[www.matchsourcing.com/wp-content/uploads/2021/03/BG-Testemonials-home-page.png]
[www.matchsourcing.com/wp-content/uploads/2021/03/CTA-Shapes.png]
[www.matchsourcing.com/wp-content/plugins/elementor-pro/assets/css/frontend.min.css]
[www.matchsourcing.com/wp-content/plugins/elementor/assets/lib/font-awesome/css/fontawesome.min.css]
[www.matchsourcing.com/wp-content/plugins/elementor/assets/lib/font-awesome/css/solid.min.css]
[www.matchsourcing.com/wp-content/plugins/elementor/assets/lib/font-awesome/css/brands.min.css]
[www.matchsourcing.com/wp-includes/js/jquery/jquery.min.js]
[www.matchsourcing.com/wp-includes/js/jquery/jquery-migrate.min.js]
[www.matchsourcing.com/wp-content/plugins/cleantalk-spam-protect/js/apbct-public-bundle.min.js]
[moderate.cleantalk.org/ct-bot-detector-wrapper.js]
[www.matchsourcing.com/wp-content/plugins/wp-disable/js/css-lazy-load.min.js]
[www.matchsourcing.com/wp-json/index.html]
[www.matchsourcing.com/xmlrpc0db0.php]
[www.matchsourcing.com/wp-json/wp/v2/pages/15752.json]
[www.matchsourcing.com/wp-includes/wlwmanifest.xml]
[www.matchsourcing.com/wp-json/oembed/1.0/embed6e5d.json]
[www.matchsourcing.com/wp-json/oembed/1.0/embedb9cc]
[www.google-analytics.com/analytics.js]
[www.matchsourcing.com/wp-content/uploads/2021/03/footer_logo-50x50.png]
[www.matchsourcing.com/wp-content/uploads/2021/03/footer_logo.png]
[www.matchsourcing.com/wp-content/uploads/2016/11/matchsourcing-logo.png]
[www.matchsourcing.com/about-us.html]
[www.matchsourcing.com/sourcing.html]
[www.matchsourcing.com/product-sourcing-services.html]
[www.matchsourcing.com/supplier-sourcing.html]
[www.matchsourcing.com/negotiation-and-contract-management.html]
[www.matchsourcing.com/quality-inspection.html]
[www.matchsourcing.com/warehouse-storage.html]
[www.matchsourcing.com/shipping.html]
[www.matchsourcing.com/product-photography.html]
[www.matchsourcing.com/amazon-fba-prep.html]
[www.matchsourcing.com/dropshipping.html]
[www.matchsourcing.com/sourcing-blog.html]
[www.matchsourcing.com/contact.html]
[www.matchsourcing.com/wp-content/uploads/2022/01/China-Sourcing-Company-768x512.jpg]
[www.matchsourcing.com/wp-content/uploads/2021/10/Product-Sourcing-1.jpg]
[www.matchsourcing.com/wp-content/uploads/2021/10/Supplier-Sourcing.jpg]
[www.matchsourcing.com/wp-content/uploads/2021/10/Negotiation-Contract-Management.jpg]
[www.matchsourcing.com/wp-content/uploads/2021/10/Product-Quality-Inspection-scaled.jpg]
[www.matchsourcing.com/wp-content/uploads/2021/10/Warehouse-Storage-scaled.jpg]
[www.matchsourcing.com/wp-content/uploads/2021/10/Shipping-2-scaled.jpg]
[www.matchsourcing.com/wp-content/uploads/2021/10/Product-Photography.jpg]
[www.matchsourcing.com/wp-content/uploads/2021/10/Amazon-FBA-prep-1-scaled.jpg]
[www.matchsourcing.com/wp-content/uploads/2021/10/Dropshipping-1.jpg]
[www.matchsourcing.com/wp-content/uploads/2021/09/IMG_02.jpg]
[www.matchsourcing.com/wp-content/uploads/2021/09/Furniture-1.jpg]
[www.matchsourcing.com/wp-content/uploads/2021/09/Home-Decor-Products-1.jpg]
[www.matchsourcing.com/wp-content/uploads/2021/09/Clothes-Fabric-1.jpg]
[www.matchsourcing.com/wp-content/uploads/2021/09/Underwear-1.jpg]
[www.matchsourcing.com/wp-content/uploads/2021/09/Watches-1.jpg]
[www.matchsourcing.com/wp-content/uploads/2021/09/Toys-1.jpg]
[www.matchsourcing.com/wp-content/uploads/2021/09/IMG_22.jpg]
[www.matchsourcing.com/wp-content/uploads/2021/09/Handbags-1.jpg]
[www.matchsourcing.com/wp-content/uploads/2021/09/Plastic-Products-1.jpg]
[www.matchsourcing.com/wp-content/uploads/2021/09/Mobile-Accessories-1.jpg]
[www.matchsourcing.com/wp-content/uploads/2021/09/Pet-Supplies-1.jpg]
[www.matchsourcing.com/wp-content/uploads/2021/09/Electronics-1.jpg]
[www.matchsourcing.com/how-to-find-suppliers.html]
[www.matchsourcing.com/wp-content/uploads/2016/11/Which-supplier-to-choose-from-300x300.jpg]
[www.matchsourcing.com/what-is-a-sourcing-agent-and-how-to-choose.html]
[www.matchsourcing.com/wp-content/uploads/2021/12/Selecting-an-agent-300x200.png]
[www.matchsourcing.com/beginner-guide-how-to-source-from-china.html]
[www.matchsourcing.com/wp-content/uploads/2021/09/China-Import-Logo-300x200.jpg]
[www.matchsourcing.com/wp-content/uploads/2021/10/John.jpg]
[www.matchsourcing.com/wp-content/uploads/2021/10/image-7.jpg]
[www.matchsourcing.com/wp-content/uploads/2021/10/image-14.jpg]
[www.matchsourcing.com/privacy-policy.html]
[www.matchsourcing.com/terms-of-service.html]
[www.matchsourcing.com/cdn-cgi/l/email-protection.html]
[moderate9-v4.cleantalk.org/pixel/296857055792fce4826071cf89e1492f.gif]
[www.matchsourcing.com/cdn-cgi/scripts/5c5dd728/cloudflare-static/email-decode.min.js]
[www.matchsourcing.com/wp-content/plugins/elementor/assets/lib/animations/animations.min.css]
[www.matchsourcing.com/wp-content/plugins/wp-whatsapp/assets/dist/js/njt-whatsapp.js]
[www.matchsourcing.com/wp-content/plugins/wp-whatsapp/assets/js/whatsapp-button.js]
[www.matchsourcing.com/wp-content/plugins/elementor-pro/assets/lib/smartmenus/jquery.smartmenus.min.js]
[cdn.mouseflow.com/projects/976418fe-9067-440a-a7da-3914b99bed97.js]
[www.matchsourcing.com/wp-includes/js/imagesloaded.min.js]
[www.matchsourcing.com/wp-content/plugins/wp-whatsapp/assets/js/whatsapp-popup.js]
[www.google.com/recaptcha/api71c3.js]
[www.matchsourcing.com/wp-content/plugins/elementor-pro/assets/js/webpack-pro.runtime.min.js]
[www.matchsourcing.com/wp-content/plugins/elementor/assets/js/webpack.runtime.min.js]
[www.matchsourcing.com/wp-content/plugins/elementor/assets/js/frontend-modules.min.js]
[www.matchsourcing.com/wp-includes/js/dist/vendor/regenerator-runtime.min.js]
[www.matchsourcing.com/wp-includes/js/dist/vendor/wp-polyfill.min.js]
[www.matchsourcing.com/wp-includes/js/dist/hooks.min.js]
[www.matchsourcing.com/wp-includes/js/dist/i18n.min.js]
[www.matchsourcing.com/wp-content/plugins/elementor-pro/assets/js/frontend.min.js]
[www.matchsourcing.com/wp-content/plugins/elementor/assets/lib/waypoints/waypoints.min.js]
[www.matchsourcing.com/wp-includes/js/jquery/ui/core.min.js]
[www.matchsourcing.com/wp-content/plugins/elementor/assets/lib/swiper/swiper.min.js]
[www.matchsourcing.com/wp-content/plugins/elementor/assets/lib/share-link/share-link.min.js]
[www.matchsourcing.com/wp-content/plugins/elementor/assets/lib/dialog/dialog.min.js]
[www.matchsourcing.com/wp-content/plugins/elementor/assets/js/frontend.min.js]
[www.matchsourcing.com/wp-content/plugins/elementor-pro/assets/js/preloaded-elements-handlers.min.js]
[www.matchsourcing.com/wp-content/plugins/elementor/assets/js/preloaded-modules.min.js]
[www.matchsourcing.com/index.html]
[www.matchsourcing.com/wp-includes/css/dist/block-library/style.min.css]
[www.matchsourcing.com/wp-content/plugins/woocommerce/packages/woocommerce-blocks/build/wc-blocks-vendors-style.css]
[www.matchsourcing.com/wp-content/plugins/woocommerce/packages/woocommerce-blocks/build/wc-blocks-style.css]
[www.matchsourcing.com/wp-content/plugins/wp-whatsapp/assets/dist/css/style.css]
[www.matchsourcing.com/wp-content/plugins/cleantalk-spam-protect/css/cleantalk-public.min.css]
[www.matchsourcing.com/wp-content/plugins/woocommerce-gateway-paypal-express-checkout/assets/css/wc-gateway-ppec-frontend.css]
[www.matchsourcing.com/wp-content/themes/hello-elementor/style.min.css]
[www.matchsourcing.com/wp-content/themes/hello-elementor/theme.min.css]
[www.matchsourcing.com/wp-content/plugins/elementor-pro/assets/lib/sticky/jquery.sticky.min.js]
[www.matchsourcing.com/wp-content/plugins/elementor/assets/lib/eicons/fonts/eicons5519.woff2]
[www.matchsourcing.com/wp-content/plugins/elementor/assets/lib/eicons/fonts/eicons5519.eot]
[www.matchsourcing.com/wp-content/plugins/elementor/assets/lib/eicons/fonts/eicons5519.woff]
[www.matchsourcing.com/wp-content/plugins/elementor/assets/lib/eicons/fonts/eicons5519.ttf]
[www.matchsourcing.com/wp-content/plugins/elementor/assets/lib/eicons/css/elementor-icons.min.css]
[www.matchsourcing.com/wp-content/plugins/elementor/assets/css/frontend.min.css]
[www.matchsourcing.com/wp-content/plugins/elementor-pro/assets/css/frontend.min.css]
[www.matchsourcing.com/wp-content/plugins/elementor/assets/lib/font-awesome/css/fontawesome.min.css]
[www.matchsourcing.com/wp-content/plugins/elementor/assets/lib/eicons/fonts/eicons5519.svg]
[www.matchsourcing.com/wp-content/plugins/elementor/assets/lib/font-awesome/webfonts/fa-solid-900.eot]
[www.matchsourcing.com/wp-content/plugins/elementor/assets/lib/font-awesome/webfonts/fa-solid-900d41d.eot]
[www.matchsourcing.com/wp-content/plugins/elementor/assets/lib/font-awesome/webfonts/fa-solid-900.woff2]
[www.matchsourcing.com/wp-content/plugins/elementor/assets/lib/font-awesome/webfonts/fa-solid-900.woff]
[www.matchsourcing.com/wp-content/plugins/elementor/assets/lib/font-awesome/webfonts/fa-solid-900.ttf]
[www.matchsourcing.com/wp-content/plugins/elementor/assets/lib/font-awesome/css/solid.min.css]
[www.matchsourcing.com/wp-content/plugins/elementor/assets/lib/font-awesome/webfonts/fa-solid-900.svg]
[www.matchsourcing.com/wp-content/plugins/elementor/assets/lib/font-awesome/webfonts/fa-brands-400.eot]
[www.matchsourcing.com/wp-content/plugins/elementor/assets/lib/font-awesome/webfonts/fa-brands-400d41d.eot]
[www.matchsourcing.com/wp-content/plugins/elementor/assets/lib/font-awesome/webfonts/fa-brands-400.woff2]
[www.matchsourcing.com/wp-content/plugins/elementor/assets/lib/font-awesome/webfonts/fa-brands-400.woff]
[www.matchsourcing.com/wp-content/plugins/elementor/assets/lib/font-awesome/webfonts/fa-brands-400.ttf]
[www.matchsourcing.com/wp-content/plugins/elementor/assets/lib/font-awesome/css/brands.min.css]
[www.matchsourcing.com/xmlrpc0db0.html]
[www.googletagmanager.com/gtm5445.html]
[www.matchsourcing.com/wp-content/plugins/elementor/assets/lib/font-awesome/webfonts/fa-brands-400.svg]
[www.matchsourcing.com/wp-content/uploads/2021/03/Bg-About-New.png]
[www.matchsourcing.com/wp-content/uploads/2021/03/We-believe-BG.png]
[www.matchsourcing.com/wp-json/wp/v2/pages/16177.json]
[www.matchsourcing.com/wp-json/oembed/1.0/embed963f.json]
[www.matchsourcing.com/about-us.html]
[www.matchsourcing.com/wp-json/oembed/1.0/embedaa68]
[www.matchsourcing.com/wp-content/uploads/2021/03/BG-Social-Media.png]
[www.matchsourcing.com/wp-content/uploads/2021/03/BG-more-Services.png]
[www.matchsourcing.com/wp-json/wp/v2/pages/15896.json]
[www.matchsourcing.com/wp-json/oembed/1.0/embed842f.json]
[www.matchsourcing.com/sourcing.html]
[www.matchsourcing.com/wp-json/oembed/1.0/embedbb92]
[www.matchsourcing.com/wp-content/uploads/2021/03/Shapes-icons.png]
[www.matchsourcing.com/wp-content/plugins/elementor/assets/lib/font-awesome/css/regular.min.css]
[www.matchsourcing.com/wp-json/wp/v2/pages/15898.json]
[www.matchsourcing.com/wp-json/oembed/1.0/embed3195.json]
[www.matchsourcing.com/wp-json/oembed/1.0/embed8c00]
[www.matchsourcing.com/wp-content/uploads/2021/09/Flexible-MOQ.png]
[www.matchsourcing.com/wp-content/uploads/2021/09/Diverse-Product-Sourcing.png]
[www.matchsourcing.com/wp-content/uploads/2021/09/Transparent-Price.png]
[www.matchsourcing.com/wp-content/uploads/2021/09/Strict-Quality-Control.png]
[www.matchsourcing.com/wp-content/uploads/2021/09/Free-and-Fast-Quote.png]
[www.matchsourcing.com/wp-content/uploads/2021/09/Short-Lead-Time.png]
[www.matchsourcing.com/wp-content/uploads/2021/09/Car-Accessories-1.jpg]
[www.matchsourcing.com/wp-content/uploads/2021/09/Lights-1.jpg]
[www.matchsourcing.com/custom-jewelry-manufacturers-in-china.html]
[www.matchsourcing.com/wp-content/uploads/2021/12/Custom-Jewelry-Manufacturers-in-Chin-300x200.jpg]
[www.matchsourcing.com/mobile-accessories-manufacturers-in-china.html]
[www.matchsourcing.com/wp-content/uploads/2021/12/2-300x200.jpg]
[www.matchsourcing.com/product-sourcing-services.html]
[www.matchsourcing.com/wp-json/wp/v2/pages/16035.json]
[www.matchsourcing.com/wp-json/oembed/1.0/embedc939.json]
[www.matchsourcing.com/wp-json/oembed/1.0/embeda6cb]
[www.matchsourcing.com/wp-content/uploads/2021/09/image0001.jpg]
[www.matchsourcing.com/wp-content/uploads/2021/09/image0002.jpg]
[www.matchsourcing.com/supplier-sourcing.html]
[www.matchsourcing.com/wp-json/wp/v2/pages/16055.json]
[www.matchsourcing.com/wp-json/oembed/1.0/embedd024.json]
[www.matchsourcing.com/wp-json/oembed/1.0/embed391e]
[www.matchsourcing.com/wp-content/uploads/2021/09/image0003.jpg]
[www.matchsourcing.com/wp-content/uploads/2021/09/A-Profitable-Contract.png]
[www.matchsourcing.com/wp-content/uploads/2021/09/Hassle-free-Experience.png]
[www.matchsourcing.com/wp-content/uploads/2021/09/Get-Reliable-and-Stable-Suppliers.png]
[www.matchsourcing.com/negotiation-and-contract-management.html]
[www.matchsourcing.com/wp-json/wp/v2/pages/16070.json]
[www.matchsourcing.com/wp-json/oembed/1.0/embedd1c2.json]
[www.matchsourcing.com/wp-json/oembed/1.0/embedd7de]
[www.matchsourcing.com/wp-content/uploads/2021/09/image0004.jpg]
[www.matchsourcing.com/wp-content/uploads/2021/09/image0005.jpg]
[www.matchsourcing.com/wp-content/uploads/2021/09/image0006.jpg]
[www.matchsourcing.com/wp-content/uploads/2021/09/Save-Cost.png]
[www.matchsourcing.com/wp-content/uploads/2021/09/Ensure-High-Quality-Of-Bulk-Orders.png]
[www.matchsourcing.com/wp-content/uploads/2021/09/Meet-All-Quality-Inspection-Needs.png]
[www.matchsourcing.com/quality-inspection.html]
[www.matchsourcing.com/wp-json/wp/v2/pages/16086.json]
[www.matchsourcing.com/wp-json/oembed/1.0/embed208f.json]
[www.matchsourcing.com/wp-json/oembed/1.0/embed1271]
[www.matchsourcing.com/wp-content/uploads/2021/09/image0007.jpg]
[www.matchsourcing.com/wp-content/uploads/2021/09/IMG_04.jpg]
[www.matchsourcing.com/warehouse-storage.html]
[www.matchsourcing.com/wp-json/wp/v2/pages/16101.json]
[www.matchsourcing.com/wp-json/oembed/1.0/embed9352.json]
[www.matchsourcing.com/wp-json/oembed/1.0/embed14e6]
[www.matchsourcing.com/wp-content/uploads/2021/09/image0008.jpg]
[www.matchsourcing.com/wp-content/uploads/2021/09/Air-Freight-From-China.png]
[www.matchsourcing.com/wp-content/uploads/2021/09/Shipping-By-Sea.png]
[www.matchsourcing.com/wp-content/uploads/2021/09/Rail-Freight.png]
[www.matchsourcing.com/wp-content/uploads/2021/09/image0009.jpg]
[www.matchsourcing.com/wp-content/uploads/2021/09/image00010.jpg]
[www.matchsourcing.com/shipping.html]
[www.matchsourcing.com/wp-json/wp/v2/pages/16124.json]
[www.matchsourcing.com/wp-json/oembed/1.0/embed8160.json]
[www.matchsourcing.com/wp-json/oembed/1.0/embed7280]
[www.matchsourcing.com/wp-content/uploads/2021/09/image00011.jpg]
[www.matchsourcing.com/wp-content/uploads/2021/09/image00012.jpg]
[www.matchsourcing.com/wp-content/uploads/2021/09/image00013.jpg]
[www.matchsourcing.com/wp-content/uploads/2021/09/image00014.jpg]
[www.matchsourcing.com/wp-content/uploads/2021/09/image00015.jpg]
[www.matchsourcing.com/product-photography.html]
[www.matchsourcing.com/wp-json/wp/v2/pages/16149.json]
[www.matchsourcing.com/wp-json/oembed/1.0/embed64dc.json]
[www.matchsourcing.com/wp-json/oembed/1.0/embed5c41]
[www.matchsourcing.com/wp-content/uploads/2021/09/image00019.jpg]
[www.matchsourcing.com/wp-content/uploads/2021/09/FBA-compliant-Packaging.png]
[www.matchsourcing.com/wp-content/uploads/2021/09/Strict-Quality-Inspection.png]
[www.matchsourcing.com/amazon-fba-prep.html]
[www.matchsourcing.com/wp-json/wp/v2/pages/16161.json]
[www.matchsourcing.com/wp-json/oembed/1.0/embeda25d.json]
[www.matchsourcing.com/wp-json/oembed/1.0/embed3601]
[www.matchsourcing.com/wp-content/uploads/2021/09/image00017.jpg]
[www.matchsourcing.com/wp-content/uploads/2021/09/image00018.jpg]
[www.matchsourcing.com/wp-content/uploads/2021/09/One-stop-Dropshipping-from-China.png]
[www.matchsourcing.com/wp-content/uploads/2021/09/Transparent-Pricing.png]
[www.matchsourcing.com/dropshipping.html]
[www.matchsourcing.com/understanding-strategic-sourcing.html]
[www.matchsourcing.com/wp-content/uploads/2021/12/Deciding-on-a-strategy.jpg]
[www.matchsourcing.com/how-to-obtain-ce-certification.html]
[www.matchsourcing.com/wp-content/uploads/2021/12/Certification-illustration.jpg]
[www.matchsourcing.com/top-handbag-manufacturers-in-china.html]
[www.matchsourcing.com/wp-content/uploads/2021/12/Handbag.jpg]
[www.matchsourcing.com/top-toy-manufacturers-in-china.html]
[www.matchsourcing.com/wp-content/uploads/2021/12/Variety-of-toys.jpg]
[www.matchsourcing.com/top-underwear-manufacturers-in-china.html]
[www.matchsourcing.com/wp-content/uploads/2021/12/Underwear.jpg]
[www.matchsourcing.com/top-clothing-manufacturers-in-china.html]
[www.matchsourcing.com/wp-content/uploads/2021/12/Clothes-hanging.jpg]
[www.matchsourcing.com/real-ce-mark-chinese-ce-export-mark.html]
[www.matchsourcing.com/wp-content/uploads/2021/12/CE-symbol.jpg]
[www.matchsourcing.com/where-to-source-products-to-sell-on-amazon.html]
[www.matchsourcing.com/wp-content/uploads/2021/12/Online-source-products.jpg]
[www.matchsourcing.com/how-to-source-products-to-sell-on-amazon.html]
[www.matchsourcing.com/wp-content/uploads/2021/12/Online-selling.jpg]
[www.matchsourcing.com/top-dropshipping-suppliers-in-china.html]
[www.matchsourcing.com/wp-content/uploads/2021/12/Dropshipping-process.jpg]
[www.matchsourcing.com/advantages-and-disadvantages-of-dropshipping.html]
[www.matchsourcing.com/wp-content/uploads/2021/12/Dropshipping-model.jpg]
[www.matchsourcing.com/what-is-a-shipping-and-forwarding-agency.html]
[www.matchsourcing.com/wp-content/uploads/2021/12/Shipping-and-forwarding-illustration.png]
[www.matchsourcing.com/sourcing-blog/page/2.html]
[www.matchsourcing.com/sourcing-blog/page/3.html]
[www.matchsourcing.com/sourcing-blog/page/4.html]
[www.matchsourcing.com/sourcing-blog.html]
[www.matchsourcing.com/sourcing-blog/page/5.html]
[www.matchsourcing.com/wp-content/uploads/2021/03/BG-contact-hero-New.png]
[www.matchsourcing.com/wp-content/uploads/2021/03/BG-Form-Contact-Us.png]
[www.matchsourcing.com/wp-json/wp/v2/pages/14988.json]
[www.matchsourcing.com/wp-json/oembed/1.0/embed4520.json]
[www.matchsourcing.com/contact.html]
[www.matchsourcing.com/wp-json/oembed/1.0/embed71cb]
[www.matchsourcing.com/how-to-find-suppliers/feed]
[www.matchsourcing.com/wp-json/wp/v2/posts/110.json]
[www.matchsourcing.com/wp-json/oembed/1.0/embed8e4c.json]
[www.matchsourcing.com/wp-json/oembed/1.0/embed42b1]
[www.matchsourcing.com/wp-content/uploads/2016/11/Scouting-agents.jpg]
[www.matchsourcing.com/wp-content/uploads/2016/11/Expos-and-trade-fair.jpg]
[www.matchsourcing.com/wp-content/uploads/2016/11/B2B-Collaboration.jpg]
[www.matchsourcing.com/wp-content/uploads/2016/11/Wholesale-market-illustration.jpg]
[www.matchsourcing.com/wp-content/uploads/2016/11/People-searching.jpg]
[www.matchsourcing.com/wp-content/uploads/2016/11/Social-media-options.jpg]
[www.matchsourcing.com/wp-content/uploads/2016/11/Directory.jpg]
[www.matchsourcing.com/wp-content/uploads/2016/11/Supplier-Evaluation-1024x1024.jpg]
[www.matchsourcing.com/import-products-from-china.html]
[www.matchsourcing.com/wp-content/uploads/2016/11/Business-license-1024x724.jpg]
[www.matchsourcing.com/wp-content/uploads/2016/11/Price-Negotiation-1024x1024.jpg]
[www.matchsourcing.com/negotiate-with-suppliers-2.html]
[www.matchsourcing.com/wp-content/uploads/2016/11/Supplier-verification.jpg]
[www.matchsourcing.com/wp-content/uploads/2016/11/Visit-factory.png]
[www.matchsourcing.com/wp-content/uploads/2016/11/Q-AND-Q.jpg]
[www.matchsourcing.com/wp-content/uploads/2016/11/supplier.jpg]
[www.matchsourcing.com/costly-mistakes-to-avoid-in-china-sourcing-1.html]
[www.matchsourcing.com/before-getting-a-product-manufactured.html]
[www.matchsourcing.com/get-suppliers-respond.html]
[www.matchsourcing.com/chinese-trade-company-sourcing-company-manufacturer.html]
[www.matchsourcing.com/how-to-find-suppliersb901.html]
[www.matchsourcing.com/how-to-find-suppliers.html]
[www.matchsourcing.com/how-to-find-suppliersbed3.html]
[www.matchsourcing.com/wp-includes/js/comment-reply.min.js]
[www.matchsourcing.com/what-is-a-sourcing-agent-and-how-to-choose/feed]
[www.matchsourcing.com/wp-json/wp/v2/posts/17697.json]
[www.matchsourcing.com/wp-json/oembed/1.0/embedd4fe.json]
[www.matchsourcing.com/wp-json/oembed/1.0/embedc524]
[www.matchsourcing.com/wp-content/uploads/2021/12/Sourcing-3.png]
[www.matchsourcing.com/wp-content/uploads/2021/12/Shaking-hands.png]
[www.matchsourcing.com/wp-content/uploads/2021/12/Product-sourcing.png]
[www.matchsourcing.com/wp-content/uploads/2021/12/Sourcing-4.png]
[www.matchsourcing.com/what-is-a-sourcing-agent-and-how-to-choose.html]
[www.matchsourcing.com/factors-for-selecting-a-supplier.html]
[www.matchsourcing.com/beginner-guide-how-to-source-from-china/feed]
[www.matchsourcing.com/wp-json/wp/v2/posts/15692.json]
[www.matchsourcing.com/wp-json/oembed/1.0/embed18a0.json]
[www.matchsourcing.com/wp-json/oembed/1.0/embed03c0]
[www.matchsourcing.com/wp-content/uploads/2021/09/Importing-From-China.jpg]
[www.matchsourcing.com/wp-content/uploads/2021/09/Different-Clothing.jpg]
[www.matchsourcing.com/guangzhou-clothing-wholesale-markets.html]
[www.matchsourcing.com/wp-content/uploads/2021/09/Electronic-Gadgets.jpg]
[www.matchsourcing.com/wp-content/uploads/2021/09/Bags-And-Accessories.jpg]
[www.matchsourcing.com/wp-content/uploads/2021/09/Automobile-Parts.jpg]
[www.matchsourcing.com/wp-content/uploads/2021/09/Furniture-And-Lighting.jpg]
[www.matchsourcing.com/wp-content/uploads/2021/09/Gardening-Tools.jpg]
[www.matchsourcing.com/wp-content/uploads/2021/09/Kids-Toys.jpg]
[www.matchsourcing.com/how-to-import-toys-from-china.html]
[www.matchsourcing.com/wp-content/uploads/2021/09/Made-In-China.jpg]
[www.matchsourcing.com/wp-content/uploads/2021/09/Umbrella-supplier-in-China.jpg]
[www.matchsourcing.com/wp-content/uploads/2021/09/A-sample-product.jpg]
[www.matchsourcing.com/wp-content/uploads/2021/09/Quality-production.jpg]
[www.matchsourcing.com/wp-content/uploads/2021/09/Supplier-negotiation.jpg]
[www.matchsourcing.com/wp-content/uploads/2021/09/Importing-from-China1.jpg]
[www.matchsourcing.com/beginner-guide-how-to-source-from-china4fc9.html]
[www.matchsourcing.com/beginner-guide-how-to-source-from-chinaf8be.html]
[www.matchsourcing.com/beginner-guide-how-to-source-from-china.html]
[www.matchsourcing.com/how-to-find-clothing-manufacturers-in-china.html]
[www.matchsourcing.com/wp-json/wp/v2/pages/66.json]
[www.matchsourcing.com/wp-json/oembed/1.0/embed075c.json]
[www.matchsourcing.com/privacy-policy.html]
[www.matchsourcing.com/wp-json/oembed/1.0/embeda1cd]
[www.matchsourcing.com/wp-json/wp/v2/pages/69.json]
[www.matchsourcing.com/wp-json/oembed/1.0/embed2729.json]
[www.matchsourcing.com/terms-of-service.html]
[www.matchsourcing.com/cdn-cgi/l/email-protection.html]
[www.matchsourcing.com/wp-content/plugins/elementor/assets/lib/animations/animations.min.css]
[www.matchsourcing.com/wp-content/plugins/elementor/assets/lib/eicons/fonts/eicons5519.svg]
[www.matchsourcing.com/wp-content/plugins/elementor/assets/lib/font-awesome/webfonts/fa-solid-900.svg]
[www.matchsourcing.com/wp-content/plugins/elementor/assets/lib/font-awesome/webfonts/fa-brands-400.svg]
[www.matchsourcing.com/wp-json/oembed/1.0/embed12de]
[www.matchsourcing.com/wp-content/plugins/elementor/assets/lib/font-awesome/webfonts/fa-regular-400.eot]
[www.matchsourcing.com/wp-content/plugins/elementor/assets/lib/font-awesome/webfonts/fa-regular-400d41d.eot]
[www.matchsourcing.com/wp-content/plugins/elementor/assets/lib/font-awesome/webfonts/fa-regular-400.woff2]
[www.matchsourcing.com/wp-content/plugins/elementor/assets/lib/font-awesome/webfonts/fa-regular-400.woff]
[www.matchsourcing.com/wp-content/plugins/elementor/assets/lib/font-awesome/webfonts/fa-regular-400.ttf]
[www.matchsourcing.com/wp-content/plugins/elementor/assets/lib/font-awesome/css/regular.min.css]
[www.matchsourcing.com/wp-content/plugins/elementor/assets/lib/font-awesome/webfonts/fa-regular-400.svg]
[www.matchsourcing.com/custom-jewelry-manufacturers-in-china/feed]
[www.matchsourcing.com/wp-json/wp/v2/posts/17644.json]
[www.matchsourcing.com/wp-json/oembed/1.0/embedea3b.json]
[www.matchsourcing.com/wp-json/oembed/1.0/embed68a1]
[www.matchsourcing.com/import-jewelry-from-china.html]
[www.matchsourcing.com/wp-content/uploads/2021/12/image7.gif]
[www.matchsourcing.com/wp-content/uploads/2021/12/image6-2.png]
[www.matchsourcing.com/wp-content/uploads/2021/12/image4-2.png]
[www.matchsourcing.com/wp-content/uploads/2021/12/image9-2.png]
[www.matchsourcing.com/wp-content/uploads/2021/12/image2-2.png]
[www.matchsourcing.com/wp-content/uploads/2021/12/image5-1.png]
[www.matchsourcing.com/wp-content/uploads/2021/12/image11-1.jpg]
[www.matchsourcing.com/wp-content/uploads/2021/12/image8-1.png]
[www.matchsourcing.com/wp-content/uploads/2021/12/image12.png]
[www.matchsourcing.com/wp-content/uploads/2022/11/jewepter-logo.webp]
[www.matchsourcing.com/wp-content/uploads/2021/12/image1.png]
[www.matchsourcing.com/custom-jewelry-manufacturers-in-china.html]
[www.matchsourcing.com/mobile-accessories-manufacturers-in-china/feed]
[www.matchsourcing.com/wp-json/wp/v2/posts/17598.json]
[www.matchsourcing.com/wp-json/oembed/1.0/embedd4e7.json]
[www.matchsourcing.com/wp-json/oembed/1.0/embed8e65]
[www.matchsourcing.com/import-mobile-phone-accessories-from-china.html]
[www.matchsourcing.com/wp-content/uploads/2021/12/Top-10-Mobile-Accessories-Manufacturers-in-China-3.jpg]
[www.matchsourcing.com/wp-content/uploads/2021/12/image11.jpg]
[www.matchsourcing.com/wp-content/uploads/2021/12/Top-10-Mobile-Accessories-Manufacturers-in-China-5.jpg]
[www.matchsourcing.com/wp-content/uploads/2021/12/1.jpg]
[www.matchsourcing.com/wp-content/uploads/2021/12/Top-10-Mobile-Accessories-Manufacturers-in-China-4.jpg]
[www.matchsourcing.com/wp-content/uploads/2021/12/image5.jpg]
[www.matchsourcing.com/wp-content/uploads/2021/12/Top-10-Mobile-Accessories-Manufacturers-in-China-8.jpg]
[www.matchsourcing.com/wp-content/uploads/2021/12/Top-10-Mobile-Accessories-Manufacturers-in-China-7.jpg]
[www.matchsourcing.com/wp-content/uploads/2021/12/Top-10-Mobile-Accessories-Manufacturers-in-China-6.jpg]
[www.matchsourcing.com/wp-content/uploads/2021/12/image2.jpg]
[www.matchsourcing.com/wp-content/uploads/2021/12/image9-1.png]
[www.matchsourcing.com/mobile-accessories-manufacturers-in-china6e99.html]
[www.matchsourcing.com/mobile-accessories-manufacturers-in-chinad7c5.html]
[www.matchsourcing.com/mobile-accessories-manufacturers-in-china7a2f.html]
[www.matchsourcing.com/mobile-accessories-manufacturers-in-china.html]
[www.matchsourcing.com/china-jewelry-wholesale-market-list.html]
[www.matchsourcing.com/understanding-strategic-sourcing/feed]
[www.matchsourcing.com/wp-json/wp/v2/posts/17875.json]
[www.matchsourcing.com/wp-json/oembed/1.0/embedd8b4.json]
[www.matchsourcing.com/wp-json/oembed/1.0/embed18db]
[www.matchsourcing.com/wp-content/uploads/2021/12/Supply-chain-management.jpg]
[www.matchsourcing.com/wp-content/uploads/2021/12/Warehouse-exporting-goods.jpg]
[www.matchsourcing.com/wp-content/uploads/2021/12/Cost-Management.jpg]
[www.matchsourcing.com/wp-content/uploads/2021/12/Supplying-Goods.jpg]
[www.matchsourcing.com/wp-content/uploads/2021/12/Risk-management.jpg]
[www.matchsourcing.com/wp-content/uploads/2021/12/Higher-business-growth.jpg]
[www.matchsourcing.com/wp-content/uploads/2021/12/Sourcing-process.jpg]
[www.matchsourcing.com/understanding-strategic-sourcing.html]
[www.matchsourcing.com/how-to-obtain-ce-certification/feed]
[www.matchsourcing.com/wp-json/wp/v2/posts/17985.json]
[www.matchsourcing.com/wp-json/oembed/1.0/embedf682.json]
[www.matchsourcing.com/wp-json/oembed/1.0/embed97d7]
[www.matchsourcing.com/wp-content/uploads/2021/12/Quality-control.jpg]
[www.matchsourcing.com/wp-content/uploads/2021/12/Certification.jpg]
[www.matchsourcing.com/how-to-obtain-ce-certification.html]
[www.matchsourcing.com/top-handbag-manufacturers-in-china/feed]
[www.matchsourcing.com/wp-json/wp/v2/posts/17971.json]
[www.matchsourcing.com/wp-json/oembed/1.0/embed84a9.json]
[www.matchsourcing.com/wp-json/oembed/1.0/embed65e5]
[www.matchsourcing.com/wp-content/uploads/2021/12/Ezihom-Logo.jpg]
[www.matchsourcing.com/wp-content/uploads/2021/12/Superl-logo.jpg]
[www.matchsourcing.com/import-handbags-from-china.html]
[www.matchsourcing.com/wp-content/uploads/2021/12/Shenzhen-Ribon-Creative-logo.jpg]
[www.matchsourcing.com/wp-content/uploads/2021/12/Sitoy-logo.jpg]
[www.matchsourcing.com/wp-content/uploads/2021/12/SL-Bags-logo.jpg]
[www.matchsourcing.com/wp-content/uploads/2021/12/Orient-logo.jpg]
[www.matchsourcing.com/wp-content/uploads/2021/12/J.D-Handbag-Factory-logo.jpg]
[www.matchsourcing.com/wp-content/uploads/2021/12/Guangzhou-Boshen-logo.jpg]
[www.matchsourcing.com/wp-content/uploads/2021/12/Zhong-Ding-Bag-Company.jpg]
[www.matchsourcing.com/wp-content/uploads/2021/12/Trendy-Leather-Products.jpg]
[www.matchsourcing.com/wp-content/uploads/2021/12/MatchSourcing-Logo-1.png]
[www.matchsourcing.com/top-handbag-manufacturers-in-china0a45.html]
[www.matchsourcing.com/top-handbag-manufacturers-in-chinaba63.html]
[www.matchsourcing.com/top-handbag-manufacturers-in-china.html]
[www.matchsourcing.com/top-handbag-manufacturers-in-china3c66.html]
[www.matchsourcing.com/top-toy-manufacturers-in-china/feed]
[www.matchsourcing.com/wp-json/wp/v2/posts/17957.json]
[www.matchsourcing.com/wp-json/oembed/1.0/embedcbd0.json]
[www.matchsourcing.com/wp-json/oembed/1.0/embed9863]
[www.matchsourcing.com/wp-content/uploads/2021/12/Yixing-Great-Plastic-Products-Co..jpg]
[www.matchsourcing.com/wp-content/uploads/2021/12/Woodfield-Toys-logo.jpg]
[www.matchsourcing.com/wp-content/uploads/2021/12/Yiwu-Maydo-Toys-Co.-logo.jpg]
[www.matchsourcing.com/wp-content/uploads/2021/12/Dongguan-YiKang-Plush-Toys-logo.jpg]
[www.matchsourcing.com/wp-content/uploads/2021/12/Zenit-Industrial-logo.jpg]
[www.matchsourcing.com/wp-content/uploads/2021/12/Rastar-Group-logo.jpg]
[www.matchsourcing.com/wp-content/uploads/2021/12/Times-Industry-logo.jpg]
[www.matchsourcing.com/wp-content/uploads/2021/12/D-King-Toys-Logo.jpg]
[www.matchsourcing.com/wp-content/uploads/2021/12/Dongguan-Changan-Rongqi-logo.jpg]
[www.matchsourcing.com/wp-content/uploads/2021/12/ZhengFeng-logo.jpg]
[www.matchsourcing.com/top-toy-manufacturers-in-chinad96c.html]
[www.matchsourcing.com/top-toy-manufacturers-in-chinac5f7.html]
[www.matchsourcing.com/top-toy-manufacturers-in-china.html]
[www.matchsourcing.com/top-toy-manufacturers-in-china4e65.html]
[www.matchsourcing.com/top-underwear-manufacturers-in-china/feed]
[www.matchsourcing.com/wp-json/wp/v2/posts/17908.json]
[www.matchsourcing.com/wp-json/oembed/1.0/embed8458.json]
[www.matchsourcing.com/wp-json/oembed/1.0/embeda0e0]
[www.matchsourcing.com/wp-content/uploads/2021/12/Shenzhen-Thunder-Fashion-Logo.jpg]
[www.matchsourcing.com/wp-content/uploads/2021/12/Xiamen-Reely-Industrial-Logo.jpg]
[www.matchsourcing.com/difference-between-oem-odm-obm.html]
[www.matchsourcing.com/wp-content/uploads/2021/12/Shanghai-JSpeed-Industry-Logo.jpg]
[www.matchsourcing.com/wp-content/uploads/2021/12/Foshan-Casland-Logo.jpg]
[www.matchsourcing.com/wp-content/uploads/2021/12/Shanghai-Douai-Logo.jpg]
[www.matchsourcing.com/wp-content/uploads/2021/12/The-Delta-Bogart-Group-Logo.jpg]
[www.matchsourcing.com/wp-content/uploads/2021/12/CB-Custom-Underwear-Logo.jpg]
[www.matchsourcing.com/wp-content/uploads/2021/12/NEIWAI-Logo.jpg]
[www.matchsourcing.com/wp-content/uploads/2021/12/Maniform.jpg]
[www.matchsourcing.com/wp-content/uploads/2021/12/Embryform-Logo.jpg]
[www.matchsourcing.com/top-underwear-manufacturers-in-china.html]
[www.matchsourcing.com/top-underwear-manufacturers-in-china5109.html]
[www.matchsourcing.com/top-clothing-manufacturers-in-china/feed]
[www.matchsourcing.com/wp-json/wp/v2/posts/17895.json]
[www.matchsourcing.com/wp-json/oembed/1.0/embed7fc2.json]
[www.matchsourcing.com/wp-json/oembed/1.0/embed9d27]
[www.matchsourcing.com/wp-content/uploads/2021/12/Yotex-Apparel-Logo.jpg]
[www.matchsourcing.com/wp-content/uploads/2021/12/DJ-Garments-Logo.jpg]
[www.matchsourcing.com/wp-content/uploads/2021/12/Doven-Garments-Logo.jpg]
[www.matchsourcing.com/wp-content/uploads/2021/12/Huaxiang-Woollen-Logo.jpg]
[www.matchsourcing.com/wp-content/uploads/2021/12/ARLISMAN-Garment-Factory-Logo.jpg]
[www.matchsourcing.com/wp-content/uploads/2021/12/Global-Weiye-CLothing-Logo.jpg]
[www.matchsourcing.com/wp-content/uploads/2021/12/Hemp-Fortex-Logo.jpg]
[www.matchsourcing.com/wp-content/uploads/2021/12/HFourwing-Logo.jpg]
[www.matchsourcing.com/wp-content/uploads/2021/12/Changda-Garment-Logo.jpg]
[www.matchsourcing.com/wp-content/uploads/2021/12/Wuxi-Kuanyang-Textile-Technology-Co.-Ltd.-Logo.jpg]
[www.matchsourcing.com/top-clothing-manufacturers-in-china.html]
[www.matchsourcing.com/top-clothing-manufacturers-in-chinac80e.html]
[www.matchsourcing.com/real-ce-mark-chinese-ce-export-mark/feed]
[www.matchsourcing.com/wp-json/wp/v2/posts/17888.json]
[www.matchsourcing.com/wp-json/oembed/1.0/embedf219.json]
[www.matchsourcing.com/wp-json/oembed/1.0/embed073c]
[www.matchsourcing.com/wp-content/uploads/2021/12/Important-symbol.jpg]
[www.matchsourcing.com/wp-content/uploads/2021/12/Original-and-official.jpg]
[www.matchsourcing.com/wp-content/uploads/2021/12/CE-VS-Chinese-CE-marking.jpg]
[www.matchsourcing.com/real-ce-mark-chinese-ce-export-mark.html]
[www.matchsourcing.com/where-to-source-products-to-sell-on-amazon/feed]
[www.matchsourcing.com/wp-json/wp/v2/posts/17947.json]
[www.matchsourcing.com/wp-json/oembed/1.0/embed0d8b.json]
[www.matchsourcing.com/wp-json/oembed/1.0/embed149c]
[www.matchsourcing.com/wp-content/uploads/2021/12/Sourcing-agent.jpg]
[www.matchsourcing.com/wp-content/uploads/2021/12/Variety-of-products-1.jpg]
[www.matchsourcing.com/wp-content/uploads/2021/12/Google-search.jpg]
[www.matchsourcing.com/wp-content/uploads/2021/12/Ali-Baba-Logo.jpg]
[www.matchsourcing.com/wp-content/uploads/2021/12/Sourcing-1.png]
[www.matchsourcing.com/where-to-source-products-to-sell-on-amazon.html]
[www.matchsourcing.com/how-to-source-products-to-sell-on-amazon/feed]
[www.matchsourcing.com/wp-json/wp/v2/posts/17858.json]
[www.matchsourcing.com/wp-json/oembed/1.0/embed7336.json]
[www.matchsourcing.com/wp-json/oembed/1.0/embedc303]
[www.matchsourcing.com/wp-content/uploads/2021/12/Selecting-target-niche.jpg]
[www.matchsourcing.com/wp-content/uploads/2021/12/Online-tools.jpg]
[www.matchsourcing.com/wp-content/uploads/2021/12/Import-and-export.jpg]
[www.matchsourcing.com/wp-content/uploads/2021/12/Product-manufacturing.jpg]
[www.matchsourcing.com/wp-content/uploads/2021/12/Order-and-check.jpg]
[www.matchsourcing.com/wp-content/uploads/2021/12/Dropshipping.jpg]
[www.matchsourcing.com/wp-content/uploads/2021/12/Negotiation-and-communication.jpg]
[www.matchsourcing.com/how-to-source-products-to-sell-on-amazon.html]
[www.matchsourcing.com/top-dropshipping-suppliers-in-china/feed]
[www.matchsourcing.com/wp-json/wp/v2/posts/17840.json]
[www.matchsourcing.com/wp-json/oembed/1.0/embed8bf1.json]
[www.matchsourcing.com/wp-json/oembed/1.0/embed9934]
[www.matchsourcing.com/wp-content/uploads/2021/12/Ali-Express-Logo.jpg]
[www.matchsourcing.com/wp-content/uploads/2021/12/CJDropshipping-Logo.jpg]
[www.matchsourcing.com/wp-content/uploads/2021/12/Banggood-Logo.jpg]
[www.matchsourcing.com/wp-content/uploads/2021/12/China-Brands-Logo.jpg]
[www.matchsourcing.com/wp-content/uploads/2021/12/Geekbuying-Logo.jpg]
[www.matchsourcing.com/wp-content/uploads/2021/12/DHGate-Logo.jpg]
[www.matchsourcing.com/wp-content/uploads/2021/12/GoDropshipping-Logo.jpg]
[www.matchsourcing.com/wp-content/uploads/2021/12/Tomtop-Logo.jpg]
[www.matchsourcing.com/wp-content/uploads/2021/12/GoTen-Logo.jpg]
[www.matchsourcing.com/top-dropshipping-suppliers-in-china.html]
[www.matchsourcing.com/advantages-and-disadvantages-of-dropshipping/feed]
[www.matchsourcing.com/wp-json/wp/v2/posts/17824.json]
[www.matchsourcing.com/wp-json/oembed/1.0/embedfbc8.json]
[www.matchsourcing.com/wp-json/oembed/1.0/embed1fb6]
[www.matchsourcing.com/wp-content/uploads/2021/12/Dropshipping-services.jpg]
[www.matchsourcing.com/wp-content/uploads/2021/12/Expenses.jpg]
[www.matchsourcing.com/wp-content/uploads/2021/12/Variety-of-products.jpg]
[www.matchsourcing.com/wp-content/uploads/2021/12/Business-growth.jpg]
[www.matchsourcing.com/wp-content/uploads/2021/12/Customer-satisfaction.jpg]
[www.matchsourcing.com/wp-content/uploads/2021/12/Profit-sharing.jpg]
[www.matchsourcing.com/wp-content/uploads/2021/12/High-competition.jpg]
[www.matchsourcing.com/wp-content/uploads/2021/12/Confusions.jpg]
[www.matchsourcing.com/advantages-and-disadvantages-of-dropshipping.html]
[www.matchsourcing.com/what-is-a-shipping-and-forwarding-agency/feed]
[www.matchsourcing.com/wp-json/wp/v2/posts/17772.json]
[www.matchsourcing.com/wp-json/oembed/1.0/embed9226.json]
[www.matchsourcing.com/wp-json/oembed/1.0/embedfb87]
[www.matchsourcing.com/wp-content/uploads/2021/12/Forwarding-and-transportation.png]
[www.matchsourcing.com/wp-content/uploads/2021/12/Services.png]
[www.matchsourcing.com/wp-content/uploads/2021/12/Processes.png]
[www.matchsourcing.com/wp-content/uploads/2021/12/Companies-and-processes.png]
[www.matchsourcing.com/what-is-a-shipping-and-forwarding-agency35ae.html]
[www.matchsourcing.com/what-is-a-shipping-and-forwarding-agency.html]
[www.matchsourcing.com/research-a-niche-market.html]
[www.matchsourcing.com/wp-content/uploads/2021/12/Small-business.png]
[www.matchsourcing.com/product-photography-important-for-e-commerce-sales.html]
[www.matchsourcing.com/wp-content/uploads/2021/12/Camera-image.png]
[www.matchsourcing.com/inspection-in-production-management-and-their-purposes.html]
[www.matchsourcing.com/wp-content/uploads/2021/12/Production-management.png]
[www.matchsourcing.com/quality-control-in-supply-chain-management.html]
[www.matchsourcing.com/wp-content/uploads/2021/12/Supply-chain-management.png]
[www.matchsourcing.com/top-hot-selling-products-to-import-from-china.html]
[www.matchsourcing.com/wp-content/uploads/2021/12/Clothing.png]
[www.matchsourcing.com/what-is-a-social-compliance-audit.html]
[www.matchsourcing.com/wp-content/uploads/2021/12/ISO.png]
[www.matchsourcing.com/guangzhou-wholesale-markets.html]
[www.matchsourcing.com/wp-content/uploads/2021/12/Baima-clothing.png]
[www.matchsourcing.com/wp-content/uploads/2021/12/Sourcing-2.png]
[www.matchsourcing.com/wp-content/uploads/2021/12/Selecting-an-agent.png]
[www.matchsourcing.com/wp-content/uploads/2021/12/Custom-Jewelry-Manufacturers-in-Chin.jpg]
[www.matchsourcing.com/wp-content/uploads/2021/12/2.jpg]
[www.matchsourcing.com/wp-content/uploads/2021/12/List-of-The-Best-Jewelry-Wholesale-Markets-in-China-1.jpg]
[www.matchsourcing.com/sourcing-blog/page/2.html]
[www.matchsourcing.com/how-to-import-led-lights-from-china.html]
[www.matchsourcing.com/wp-content/uploads/2021/12/A-Complete-Guide-on-How-to-Import-Led-Lights-From-China-2.jpg]
[www.matchsourcing.com/wp-content/uploads/2021/12/The-Difference-Between-OEM-ODM-and-OBM-6.jpg]
[www.matchsourcing.com/top-sourcing-agents-in-china.html]
[www.matchsourcing.com/wp-content/uploads/2021/12/outsourcing.jpg]
[www.matchsourcing.com/top-led-light-manufacturers-in-china.html]
[www.matchsourcing.com/wp-content/uploads/2021/12/ledlights-1.jpg]
[www.matchsourcing.com/how-to-import-electronics-from-china.html]
[www.matchsourcing.com/wp-content/uploads/2021/09/A-factory.jpg]
[www.matchsourcing.com/wp-content/uploads/2021/09/Close-up-picture-of-toys.jpg]
[www.matchsourcing.com/wp-content/uploads/2021/09/China-Import-Logo.jpg]
[www.matchsourcing.com/wp-content/uploads/2021/09/Clothing-manufacturers.jpg]
[www.matchsourcing.com/wp-content/uploads/2021/09/USB-Charging-Cables-Smartphone.jpg]
[www.matchsourcing.com/wp-content/uploads/2021/09/Female-Handbags-Collection.jpg]
[www.matchsourcing.com/wp-content/uploads/2021/09/Buying-wholesale-jewelry.jpg]
[www.matchsourcing.com/wp-content/uploads/2021/09/Wholesale-clothing-market.jpg]
[www.matchsourcing.com/sourcing-blog/page/3.html]
[www.matchsourcing.com/7-best-chinese-wholesale-websites.html]
[www.matchsourcing.com/wp-content/uploads/2021/04/7-best-chinese-wholesale-websites.jpg]
[www.matchsourcing.com/chinese-holidays-2017.html]
[www.matchsourcing.com/wp-content/uploads/2016/12/Deadline-to-take-new-orders.jpg]
[www.matchsourcing.com/costly-mistakes-to-avoid-in-china-sourcing-3.html]
[www.matchsourcing.com/wp-content/uploads/2017/01/Safety-and-risk.jpg]
[www.matchsourcing.com/costly-mistakes-to-avoid-in-china-sourcing-2.html]
[www.matchsourcing.com/wp-content/uploads/2017/01/100-communication-via-online-channels-with-your-Chinese-vendors-scaled.jpg]
[www.matchsourcing.com/wp-content/uploads/2017/01/Costly-Mistakes-You-Must-Avoid-in-China-Sourcing.jpg]
[www.matchsourcing.com/wp-content/uploads/2016/12/document-3-things-to-check-before-bulk-order-scaled.jpg]
[www.matchsourcing.com/shipping-from-china-2.html]
[www.matchsourcing.com/wp-content/uploads/2016/12/shipping-from-China.jpg]
[www.matchsourcing.com/handle-a-sample-order-2.html]
[www.matchsourcing.com/wp-content/uploads/2016/12/test-your-samples.jpg]
[www.matchsourcing.com/wp-content/uploads/2016/11/negotiate-with-suppliers-e1480422976886.jpg]
[www.matchsourcing.com/wp-content/uploads/2016/11/long-term-production-plan-with-the-supplier-scaled.jpg]
[www.matchsourcing.com/wp-content/uploads/2016/11/Which-supplier-to-choose-from.jpg]
[www.matchsourcing.com/wp-content/uploads/2016/11/Which-supplier-option.jpg]
[www.matchsourcing.com/sourcing-blog/page/4.html]
[www.matchsourcing.com/wp-content/uploads/2016/11/what-scaled.jpg]
[www.matchsourcing.com/sourcing-blog/page/6]
[www.matchsourcing.com/sourcing-blog/page/5.html]
[www.matchsourcing.com/import-products-from-china/feed]
[www.matchsourcing.com/wp-json/wp/v2/posts/83.json]
[www.matchsourcing.com/wp-json/oembed/1.0/embed8b34.json]
[www.matchsourcing.com/wp-json/oembed/1.0/embed9aed]
[www.matchsourcing.com/wp-content/uploads/2016/11/Import-from-China-global-sourcing-1024x683.jpg]
[www.matchsourcing.com/wp-content/uploads/2016/11/what-841x1024.jpg]
[www.matchsourcing.com/wp-content/uploads/2016/11/pantonero.jpg]
[www.matchsourcing.com/wp-content/uploads/2016/11/OE5NAA0-1024x819.jpg]
[www.matchsourcing.com/wp-content/uploads/2016/11/Packaging-Types-1024x1024.jpg]
[www.matchsourcing.com/wp-content/uploads/2016/11/Product-protection-1024x727.jpg]
[www.matchsourcing.com/wp-content/uploads/2016/11/branding.png]
[www.matchsourcing.com/wp-content/uploads/2016/11/compliance-02-1024x784.jpg]
[www.matchsourcing.com/wp-content/uploads/2016/11/lab-1022x1024.jpg]
[www.matchsourcing.com/wp-content/uploads/2016/11/supplier-portrait.jpg]
[www.matchsourcing.com/wp-content/uploads/2016/11/import-from-China-groundwork.jpg]
[www.matchsourcing.com/import-products-from-chinab621.html]
[www.matchsourcing.com/import-products-from-china.html]
[www.matchsourcing.com/import-products-from-chinaa2f2.html]
[www.matchsourcing.com/negotiate-with-suppliers-2/feed]
[www.matchsourcing.com/wp-json/wp/v2/posts/591.json]
[www.matchsourcing.com/wp-json/oembed/1.0/embed5dd8.json]
[www.matchsourcing.com/wp-json/oembed/1.0/embed7c17]
[www.matchsourcing.com/wp-content/uploads/2016/11/negotiating-with-suppliers.jpg]
[www.matchsourcing.com/wp-content/uploads/2016/11/negotiate-with-suppliers-300x300.jpg]
[www.matchsourcing.com/wp-content/uploads/2016/11/Preparation.jpg]
[www.matchsourcing.com/wp-content/uploads/2016/11/Know-your-business-300x200.jpg]
[www.matchsourcing.com/wp-content/uploads/2016/11/Research-the-current-offers-in-the-market-300x300.jpg]
[www.matchsourcing.com/wp-content/uploads/2016/11/Langague-barrier-with-vendors-300x240.jpg]
[www.matchsourcing.com/wp-content/uploads/2016/11/Negotiation-Skills-02-300x169.jpg]
[www.matchsourcing.com/wp-content/uploads/2016/11/market-competiton-02-298x300.jpg]
[www.matchsourcing.com/wp-content/uploads/2016/11/Golden-Rule-1-300x225.jpg]
[www.matchsourcing.com/negotiate-with-suppliers-2.html]
[www.matchsourcing.com/negotiate-with-suppliers-27c98.html]
[www.matchsourcing.com/costly-mistakes-to-avoid-in-china-sourcing-1/feed]
[www.matchsourcing.com/wp-json/wp/v2/posts/698.json]
[www.matchsourcing.com/wp-json/oembed/1.0/embedb4c9.json]
[www.matchsourcing.com/wp-json/oembed/1.0/embed92e2]
[www.matchsourcing.com/wp-content/uploads/2017/01/Costly-Mistakes-You-Must-Avoid-in-China-Sourcing-1024x741.jpg]
[www.matchsourcing.com/wp-content/uploads/2017/01/No-backup-supplier-options-for-plan-B-1024x683.jpg]
[www.matchsourcing.com/wp-content/uploads/2017/01/Want-v.s.-need-01.jpg]
[www.matchsourcing.com/wp-content/uploads/2017/01/Price-bargaining.jpg]
[www.matchsourcing.com/wp-content/uploads/2017/01/Overestimate-your-profit-margins.jpg]
[www.matchsourcing.com/wp-content/uploads/2017/01/Pick-the-lowest-offer-provider-without-second-thoughts.jpg]
[www.matchsourcing.com/wp-content/uploads/2017/01/Improper-packaging-for-your-goods-1024x683.jpg]
[www.matchsourcing.com/wp-content/uploads/2017/01/Fail-to-insure-your-goods-1024x768.jpg]
[www.matchsourcing.com/costly-mistakes-to-avoid-in-china-sourcing-16944.html]
[www.matchsourcing.com/costly-mistakes-to-avoid-in-china-sourcing-1.html]
[www.matchsourcing.com/costly-mistakes-to-avoid-in-china-sourcing-1a858.html]
[www.matchsourcing.com/before-getting-a-product-manufactured/feed]
[www.matchsourcing.com/wp-json/wp/v2/posts/683.json]
[www.matchsourcing.com/wp-json/oembed/1.0/embed7f22.json]
[www.matchsourcing.com/wp-json/oembed/1.0/embede85f]
[www.matchsourcing.com/wp-content/uploads/2016/12/document-3-things-to-check-before-bulk-order-1024x508.jpg]
[www.matchsourcing.com/wp-content/uploads/2016/12/purchase-order-basics-1024x682.jpg]
[www.matchsourcing.com/wp-content/uploads/2016/12/Proforma-Invoice-sample-857x1024.jpg]
[www.matchsourcing.com/wp-content/uploads/2016/12/Commercial-Invoice-Sample.png]
[www.matchsourcing.com/wp-content/uploads/2016/12/Quality-control-management-1024x730.png]
[www.matchsourcing.com/before-getting-a-product-manufactured.html]
[www.matchsourcing.com/get-suppliers-respond/feed]
[www.matchsourcing.com/wp-json/wp/v2/posts/571.json]
[www.matchsourcing.com/wp-json/oembed/1.0/embedbfbe.json]
[www.matchsourcing.com/wp-json/oembed/1.0/embeddfec]
[www.matchsourcing.com/wp-content/uploads/2016/11/Why-do-the-suppliers-reply-so-slowly-300x300.jpg]
[www.matchsourcing.com/wp-content/uploads/2016/11/Time-difference-169x300.png]
[www.matchsourcing.com/wp-content/uploads/2016/11/How-to-contact-suppliers-300x300.jpg]
[www.matchsourcing.com/wp-content/uploads/2016/11/mail-spam.jpg]
[www.matchsourcing.com/wp-content/uploads/2016/11/long-term-production-plan-with-the-supplier-300x200.jpg]
[www.matchsourcing.com/wp-content/uploads/2016/11/instant-chat-tools-to-talk-with-vendors.jpg]
[www.matchsourcing.com/get-suppliers-respond.html]
[www.matchsourcing.com/chinese-trade-company-sourcing-company-manufacturer/feed]
[www.matchsourcing.com/wp-json/wp/v2/posts/99.json]
[www.matchsourcing.com/wp-json/oembed/1.0/embed2881.json]
[www.matchsourcing.com/wp-json/oembed/1.0/embed82f2]
[www.matchsourcing.com/wp-content/uploads/2016/11/Which-supplier-option-1024x767.jpg]
[www.matchsourcing.com/wp-content/uploads/2016/11/manipulation-of-information.jpg]
[www.matchsourcing.com/wp-content/uploads/2016/11/Source-direct-from-manufacturers-by-yourself-1024x561.jpg]
[www.matchsourcing.com/wp-content/uploads/2016/11/pros-and-cons-1024x456.jpg]
[www.matchsourcing.com/wp-content/uploads/2016/11/Prospective-supplier-option-analysis-1024x1024.jpg]
[www.matchsourcing.com/wp-content/uploads/2016/11/Do-you-have-enough-time-for-all-of-the-import-details-02-1024x1024.jpg]
[www.matchsourcing.com/wp-content/uploads/2016/11/Do-you-have-enough-time-for-all-of-the-import-details.jpg]
[www.matchsourcing.com/wp-content/uploads/2016/11/Which-supplier-to-choose-from-1024x1024.jpg]
[www.matchsourcing.com/chinese-trade-company-sourcing-company-manufacturer.html]
[www.matchsourcing.com/how-to-find-suppliersb901.html]
[www.matchsourcing.com/how-to-find-suppliersbed3.html]
[www.matchsourcing.com/factors-for-selecting-a-supplier/feed]
[www.matchsourcing.com/wp-json/wp/v2/posts/17689.json]
[www.matchsourcing.com/wp-json/oembed/1.0/embede7d1.json]
[www.matchsourcing.com/wp-json/oembed/1.0/embed59c1]
[www.matchsourcing.com/wp-content/uploads/2021/12/Evaluation.png]
[www.matchsourcing.com/wp-content/uploads/2021/12/Sourcing.png]
[www.matchsourcing.com/wp-content/uploads/2021/12/supplier.png]
[www.matchsourcing.com/factors-for-selecting-a-supplier.html]
[www.matchsourcing.com/guangzhou-clothing-wholesale-markets/feed]
[www.matchsourcing.com/wp-json/wp/v2/posts/15625.json]
[www.matchsourcing.com/wp-json/oembed/1.0/embedb386.json]
[www.matchsourcing.com/wp-json/oembed/1.0/embedf554]
[www.matchsourcing.com/wp-content/uploads/2021/09/Rows-of-clothes-in-a-wholesale-market.jpg]
[www.matchsourcing.com/wp-content/uploads/2021/09/Jeans-in-wholesale.jpg]
[www.matchsourcing.com/wp-content/uploads/2021/09/Varieties-of-similar-fabric.jpg]
[www.matchsourcing.com/wp-content/uploads/2021/09/Same-design-in-different-colors.jpg]
[www.matchsourcing.com/wp-content/uploads/2021/09/Socks-of-different-colors.jpg]
[www.matchsourcing.com/wp-content/uploads/2021/09/Clothes-for-wholesale.jpg]
[www.matchsourcing.com/guangzhou-clothing-wholesale-markets.html]
[www.matchsourcing.com/how-to-import-toys-from-china/feed]
[www.matchsourcing.com/wp-json/wp/v2/posts/15676.json]
[www.matchsourcing.com/wp-json/oembed/1.0/embedc8a4.json]
[www.matchsourcing.com/wp-json/oembed/1.0/embed8ae9]
[www.matchsourcing.com/wp-content/uploads/2021/09/Packaged-boxes.jpg]
[www.matchsourcing.com/wp-content/uploads/2021/09/A-robot-toy.jpg]
[www.matchsourcing.com/wp-content/uploads/2021/09/A-consignment.jpg]
[www.matchsourcing.com/wp-content/uploads/2021/09/A-barbie-doll.jpg]
[www.matchsourcing.com/wp-content/uploads/2021/09/An-upclose-shot-of-an-analysis.jpg]
[www.matchsourcing.com/wp-content/uploads/2021/09/A-magnifying-glass.jpg]
[www.matchsourcing.com/wp-content/uploads/2021/09/A-timeline.jpg]
[www.matchsourcing.com/wp-content/uploads/2021/09/A-kid-on-a-tricycle.jpg]
[www.matchsourcing.com/how-to-import-toys-from-china.html]
[www.matchsourcing.com/beginner-guide-how-to-source-from-china4fc9.html]
[www.matchsourcing.com/beginner-guide-how-to-source-from-chinaf8be.html]
[www.matchsourcing.com/how-to-import-toys-from-china9e3c.html]
[www.matchsourcing.com/how-to-find-clothing-manufacturers-in-china/feed]
[www.matchsourcing.com/wp-json/wp/v2/posts/15713.json]
[www.matchsourcing.com/wp-json/oembed/1.0/embed686e.json]
[www.matchsourcing.com/wp-json/oembed/1.0/embed2291]
[www.matchsourcing.com/wp-content/uploads/2021/09/Designer-Clothes.jpg]
[www.matchsourcing.com/wp-content/uploads/2021/09/Sourcing-Agent.jpg]
[www.matchsourcing.com/wp-content/uploads/2021/09/Clothing-Market.jpg]
[www.matchsourcing.com/wp-content/uploads/2021/09/clothing-shows.jpg]
[www.matchsourcing.com/wp-content/uploads/2021/09/Search-Engine.jpg]
[www.matchsourcing.com/wp-content/uploads/2021/09/Facebook-logo.jpg]
[www.matchsourcing.com/wp-content/uploads/2021/09/Referrals.jpg]
[www.matchsourcing.com/wp-content/uploads/2021/09/Alibaba-Logo.jpg]
[www.matchsourcing.com/wp-content/uploads/2021/09/Audit.jpg]
[www.matchsourcing.com/wp-content/uploads/2021/09/Yotex-apparel-Logo.jpg]
[www.matchsourcing.com/wp-content/uploads/2021/09/Hemp-Fortex-Logo.jpg]
[www.matchsourcing.com/wp-content/uploads/2021/09/HFourwing-Logo.jpg]
[www.matchsourcing.com/wp-content/uploads/2021/09/Airlisman-Logo-300x200.jpg]
[www.matchsourcing.com/wp-content/uploads/2021/09/Doven-Garments-logo-300x200.jpg]
[www.matchsourcing.com/wp-content/uploads/2021/09/Dropshipping.jpg]
[www.matchsourcing.com/wp-content/uploads/2021/09/wholesale-clothing.jpg]
[www.matchsourcing.com/wp-content/uploads/2021/09/Custom-clothes.jpg]
[www.matchsourcing.com/wp-content/uploads/2021/09/Minimum-order.jpg]
[www.matchsourcing.com/wp-content/uploads/2021/09/Quality-and-Test-report.jpg]
[www.matchsourcing.com/wp-content/uploads/2021/09/Clothes-design.jpg]
[www.matchsourcing.com/wp-content/uploads/2021/09/Paypal-300x200.jpg]
[www.matchsourcing.com/wp-content/uploads/2021/09/Time.jpg]
[www.matchsourcing.com/wp-content/uploads/2021/09/Shipping-containers.jpg]
[www.matchsourcing.com/wp-content/uploads/2021/09/taxing.jpg]
[www.matchsourcing.com/wp-content/uploads/2016/11/matchsourcing-logo-300x85.png]
[www.matchsourcing.com/how-to-find-clothing-manufacturers-in-china.html]
[www.matchsourcing.com/wp-content/plugins/elementor/assets/lib/font-awesome/webfonts/fa-regular-400.svg]
[www.matchsourcing.com/how-to-find-clothing-manufacturers-in-chinac4b3.html]
[www.matchsourcing.com/import-jewelry-from-china/feed]
[www.matchsourcing.com/wp-json/wp/v2/posts/15609.json]
[www.matchsourcing.com/wp-json/oembed/1.0/embede9e5.json]
[www.matchsourcing.com/wp-json/oembed/1.0/embed73b7]
[www.matchsourcing.com/wp-content/uploads/2021/09/Varieties-in-trinkets.jpg]
[www.matchsourcing.com/wp-content/uploads/2021/09/Research-sales-trends-for-jewelry.jpg]
[www.matchsourcing.com/wp-content/uploads/2021/09/There-is-variety-at-wholesale-markets.jpg]
[www.matchsourcing.com/wp-content/uploads/2021/09/Trade-shows-will-help-your-business.jpg]
[www.matchsourcing.com/wp-content/uploads/2021/09/Know-what-to-look-for.jpg]
[www.matchsourcing.com/wp-content/uploads/2021/09/Ask-for-product-samples.jpg]
[www.matchsourcing.com/wp-content/uploads/2021/09/Know-the-market-price-of-jewellery-you-are-buying.jpg]
[www.matchsourcing.com/wp-content/uploads/2021/09/Manufacturing-cost-can-should-be-looked-into.jpg]
[www.matchsourcing.com/wp-content/uploads/2021/09/Know-all-the-possible-methods-of-payment.jpg]
[www.matchsourcing.com/import-jewelry-from-china.html]
[www.matchsourcing.com/import-mobile-phone-accessories-from-china/feed]
[www.matchsourcing.com/wp-json/wp/v2/posts/15567.json]
[www.matchsourcing.com/wp-json/oembed/1.0/embed278a.json]
[www.matchsourcing.com/wp-json/oembed/1.0/embede011]
[www.matchsourcing.com/wp-content/uploads/2021/09/Using-Mobile-Phone.jpg]
[www.matchsourcing.com/wp-content/uploads/2021/09/Smartphone-Airpods.jpg]
[www.matchsourcing.com/wp-content/uploads/2021/09/Clicking-Pictures-from-Smartphone.jpg]
[www.matchsourcing.com/wp-content/uploads/2021/09/Top-View-of-Mobile-Phone-Accessories.jpg]
[www.matchsourcing.com/wp-content/uploads/2021/09/Mobile-Phone-Earphones.jpg]
[www.matchsourcing.com/wp-content/uploads/2021/09/Business-People-Negotiating-Contract.jpg]
[www.matchsourcing.com/wp-content/uploads/2021/09/Calculating-Hard-Cash.jpg]
[www.matchsourcing.com/import-mobile-phone-accessories-from-chinaa6a8.html]
[www.matchsourcing.com/import-mobile-phone-accessories-from-china.html]
[www.matchsourcing.com/mobile-accessories-manufacturers-in-china6e99.html]
[www.matchsourcing.com/mobile-accessories-manufacturers-in-chinad7c5.html]
[www.matchsourcing.com/mobile-accessories-manufacturers-in-china7a2f.html]
[www.matchsourcing.com/import-mobile-phone-accessories-from-china2f22.html]
[www.matchsourcing.com/china-jewelry-wholesale-market-list/feed]
[www.matchsourcing.com/wp-json/wp/v2/posts/17631.json]
[www.matchsourcing.com/wp-json/oembed/1.0/embeda128.json]
[www.matchsourcing.com/wp-json/oembed/1.0/embed8761]
[www.matchsourcing.com/wp-content/uploads/2021/12/List-of-The-Best-Jewelry-Wholesale-Markets-in-China-3.jpg]
[www.matchsourcing.com/wp-content/uploads/2021/12/image7-1.png]
[www.matchsourcing.com/wp-content/uploads/2021/12/image6-1.png]
[www.matchsourcing.com/wp-content/uploads/2021/12/image3-1.png]
[www.matchsourcing.com/wp-content/uploads/2021/12/image4-1.png]
[www.matchsourcing.com/wp-content/uploads/2021/12/List-of-The-Best-Jewelry-Wholesale-Markets-in-China-2.jpg]
[www.matchsourcing.com/wp-content/uploads/2021/12/image2-1.png]
[www.matchsourcing.com/china-jewelry-wholesale-market-list4174.html]
[www.matchsourcing.com/china-jewelry-wholesale-market-list2f7a.html]
[www.matchsourcing.com/china-jewelry-wholesale-market-list.html]
[www.matchsourcing.com/china-jewelry-wholesale-market-list16ba.html]
[www.matchsourcing.com/import-handbags-from-china/feed]
[www.matchsourcing.com/wp-json/wp/v2/posts/15588.json]
[www.matchsourcing.com/wp-json/oembed/1.0/embeda8d6.json]
[www.matchsourcing.com/wp-json/oembed/1.0/embed7e9a]
[www.matchsourcing.com/wp-content/uploads/2021/09/Fashion-Handbags-on-Pastel-Backgrounds.jpg]
[www.matchsourcing.com/wp-content/uploads/2021/09/Woman-Straw-Handbags.jpg]
[www.matchsourcing.com/wp-content/uploads/2021/09/Handbags-Market.jpg]
[www.matchsourcing.com/wp-content/uploads/2021/09/Handbags-Store.jpg]
[www.matchsourcing.com/wp-content/uploads/2021/09/Fashion-Bags-for-Sale.jpg]
[www.matchsourcing.com/wp-content/uploads/2021/09/Fashion-Handbag-on-Mint-Background.jpg]
[www.matchsourcing.com/wp-content/uploads/2021/09/Cream-Leather-Handbag.jpg]
[www.matchsourcing.com/wp-content/uploads/2021/09/Handbags-in-Bulk.jpg]
[www.matchsourcing.com/wp-content/uploads/2021/09/Paying-Using-Credit-Card.jpg]
[www.matchsourcing.com/wp-content/uploads/2021/09/Hand-Holding-Pen-Signing-Documents.jpg]
[www.matchsourcing.com/import-handbags-from-china.html]
[www.matchsourcing.com/top-handbag-manufacturers-in-china0a45.html]
[www.matchsourcing.com/top-handbag-manufacturers-in-chinaba63.html]
[www.matchsourcing.com/top-handbag-manufacturers-in-china3c66.html]
[www.matchsourcing.com/top-toy-manufacturers-in-chinad96c.html]
[www.matchsourcing.com/top-toy-manufacturers-in-chinac5f7.html]
[www.matchsourcing.com/top-toy-manufacturers-in-china4e65.html]
[www.matchsourcing.com/import-handbags-from-china7fec.html]
[www.matchsourcing.com/difference-between-oem-odm-obm/feed]
[www.matchsourcing.com/wp-json/wp/v2/posts/17576.json]
[www.matchsourcing.com/wp-json/oembed/1.0/embedac79.json]
[www.matchsourcing.com/wp-json/oembed/1.0/embed046a]
[www.matchsourcing.com/wp-content/uploads/2021/12/The-Difference-Between-OEM-ODM-and-OBM-3.jpg]
[www.matchsourcing.com/wp-content/uploads/2021/12/The-Difference-Between-OEM-ODM-and-OBM-5.jpg]
[www.matchsourcing.com/wp-content/uploads/2021/12/The-Difference-Between-OEM-ODM-and-OBM-2.jpg]
[www.matchsourcing.com/wp-content/uploads/2021/12/The-Difference-Between-OEM-ODM-and-OBM-1.jpg]
[www.matchsourcing.com/wp-content/uploads/2021/12/matchsource.png]
[www.matchsourcing.com/wp-content/uploads/2021/12/The-Difference-Between-OEM-ODM-and-OBM-4.jpg]
[www.matchsourcing.com/wp-content/uploads/2021/12/alibaba.png]
[www.matchsourcing.com/wp-content/uploads/2021/12/Referral-program.jpg]
[www.matchsourcing.com/difference-between-oem-odm-obm.html]
[www.matchsourcing.com/top-underwear-manufacturers-in-china5109.html]
[www.matchsourcing.com/top-clothing-manufacturers-in-chinac80e.html]
[www.matchsourcing.com/what-is-a-shipping-and-forwarding-agency35ae.html]
[www.matchsourcing.com/difference-between-oem-odm-obm9eaa.html]
[www.matchsourcing.com/research-a-niche-market/feed]
[www.matchsourcing.com/wp-json/wp/v2/posts/17759.json]
[www.matchsourcing.com/wp-json/oembed/1.0/embeddad0.json]
[www.matchsourcing.com/wp-json/oembed/1.0/embedb1e5]
[www.matchsourcing.com/wp-content/uploads/2021/12/Niche-market.png]
[www.matchsourcing.com/wp-content/uploads/2021/12/Client-base.png]
[www.matchsourcing.com/wp-content/uploads/2021/12/Competitors.png]
[www.matchsourcing.com/wp-content/uploads/2021/12/Supply-chain.png]
[www.matchsourcing.com/wp-content/uploads/2021/12/Test-and-make-targets.png]
[www.matchsourcing.com/research-a-niche-market.html]
[www.matchsourcing.com/product-photography-important-for-e-commerce-sales/feed]
[www.matchsourcing.com/wp-json/wp/v2/posts/17751.json]
[www.matchsourcing.com/wp-json/oembed/1.0/embedf94b.json]
[www.matchsourcing.com/wp-json/oembed/1.0/embedf134]
[www.matchsourcing.com/wp-content/uploads/2021/12/Photography.png]
[www.matchsourcing.com/wp-content/uploads/2021/12/Photography-types.png]
[www.matchsourcing.com/wp-content/uploads/2021/12/scale-photography.png]
[www.matchsourcing.com/wp-content/uploads/2021/12/group-photography.png]
[www.matchsourcing.com/product-photography-important-for-e-commerce-sales.html]
[www.matchsourcing.com/inspection-in-production-management-and-their-purposes/feed]
[www.matchsourcing.com/wp-json/wp/v2/posts/17744.json]
[www.matchsourcing.com/wp-json/oembed/1.0/embede482.json]
[www.matchsourcing.com/wp-json/oembed/1.0/embed5e88]
[www.matchsourcing.com/wp-content/uploads/2021/12/Inspection-in-Process.png]
[www.matchsourcing.com/wp-content/uploads/2021/12/Inspection-in-Process-1.png]
[www.matchsourcing.com/wp-content/uploads/2021/12/Final-approval.png]
[www.matchsourcing.com/wp-content/uploads/2021/12/Final-approval-before-exporting.png]
[www.matchsourcing.com/inspection-in-production-management-and-their-purposes.html]
[www.matchsourcing.com/quality-control-in-supply-chain-management/feed]
[www.matchsourcing.com/wp-json/wp/v2/posts/17739.json]
[www.matchsourcing.com/wp-json/oembed/1.0/embed63fb.json]
[www.matchsourcing.com/wp-json/oembed/1.0/embed090e]
[www.matchsourcing.com/wp-content/uploads/2021/12/Quality-Control.png]
[www.matchsourcing.com/wp-content/uploads/2021/12/ISO-Quality-Check.png]
[www.matchsourcing.com/quality-control-in-supply-chain-management.html]
[www.matchsourcing.com/top-hot-selling-products-to-import-from-china/feed]
[www.matchsourcing.com/wp-json/wp/v2/posts/17725.json]
[www.matchsourcing.com/wp-json/oembed/1.0/embedaece.json]
[www.matchsourcing.com/wp-json/oembed/1.0/embedbad3]
[www.matchsourcing.com/wp-content/uploads/2021/12/Mobile-accessories.png]
[www.matchsourcing.com/wp-content/uploads/2021/12/Underwear-and-lingerie.png]
[i.pinimg.com/564x/ee/64/4d/ee644da278e4b88f762c0e193fbdfb24.jpg]
[www.matchsourcing.com/wp-content/uploads/2021/12/Toys.png]
[i.pinimg.com/564x/7e/a3/c4/7ea3c4cc9a8d1714b5c64d25fa59bea2.jpg]
[www.matchsourcing.com/wp-content/uploads/2021/12/Furniture-and-decor.png]
[www.matchsourcing.com/wp-content/uploads/2021/12/Jewellery.png]
[www.matchsourcing.com/wp-content/uploads/2021/12/Handbags.png]
[www.matchsourcing.com/wp-content/uploads/2021/12/Led-lights.png]
[www.matchsourcing.com/wp-content/uploads/2021/12/Electronics.png]
[www.matchsourcing.com/wp-content/uploads/2021/12/Pet-supplies.png]
[www.matchsourcing.com/top-hot-selling-products-to-import-from-china.html]
[www.matchsourcing.com/top-hot-selling-products-to-import-from-chinaccd5.html]
[www.matchsourcing.com/what-is-a-social-compliance-audit/feed]
[www.matchsourcing.com/wp-json/wp/v2/posts/17716.json]
[www.matchsourcing.com/wp-json/oembed/1.0/embed79ad.json]
[www.matchsourcing.com/wp-json/oembed/1.0/embedfaf2]
[www.matchsourcing.com/wp-content/uploads/2021/12/Workforce.png]
[www.matchsourcing.com/wp-content/uploads/2021/12/Happy-work-force.png]
[www.matchsourcing.com/wp-content/uploads/2021/12/Standards-and-rules.png]
[www.matchsourcing.com/wp-content/uploads/2021/12/Compliance-Method.png]
[www.matchsourcing.com/wp-content/uploads/2021/12/Audit-results.png]
[www.matchsourcing.com/what-is-a-social-compliance-audit.html]
[www.matchsourcing.com/guangzhou-wholesale-markets/feed]
[www.matchsourcing.com/wp-json/wp/v2/posts/17704.json]
[www.matchsourcing.com/wp-json/oembed/1.0/embed3e12.json]
[www.matchsourcing.com/wp-json/oembed/1.0/embed40b0]
[www.matchsourcing.com/wp-content/uploads/2021/12/Guangzhou-market.png]
[www.matchsourcing.com/wp-content/uploads/2021/12/Zhongda-fabric.png]
[www.matchsourcing.com/wp-content/uploads/2021/12/Metropolis-shoe-city.png]
[www.matchsourcing.com/wp-content/uploads/2021/12/Cosmetic-store.png]
[www.matchsourcing.com/wp-content/uploads/2021/12/Sunlink-Furniture-City.png]
[www.matchsourcing.com/wp-content/uploads/2021/12/home-decoration-ideas.png]
[www.matchsourcing.com/guangzhou-wholesale-markets.html]
[www.matchsourcing.com/sourcing-blog/index.html]
[www.matchsourcing.com/how-to-import-led-lights-from-china/feed]
[www.matchsourcing.com/wp-json/wp/v2/posts/17588.json]
[www.matchsourcing.com/wp-json/oembed/1.0/embed39c6.json]
[www.matchsourcing.com/wp-json/oembed/1.0/embed1f09]
[www.matchsourcing.com/wp-content/uploads/2021/12/A-Complete-Guide-on-How-to-Import-Led-Lights-From-China-1.jpg]
[www.matchsourcing.com/wp-content/uploads/2021/12/A-Complete-Guide-on-How-to-Import-Led-Lights-From-China-4.jpg]
[www.matchsourcing.com/wp-content/uploads/2021/12/A-Complete-Guide-on-How-to-Import-Led-Lights-From-China-3.jpg]
[www.matchsourcing.com/how-to-import-led-lights-from-china.html]
[www.matchsourcing.com/top-sourcing-agents-in-china/feed]
[www.matchsourcing.com/wp-json/wp/v2/posts/17559.json]
[www.matchsourcing.com/wp-json/oembed/1.0/embedb739.json]
[www.matchsourcing.com/wp-json/oembed/1.0/embed56f5]
[www.matchsourcing.com/wp-content/uploads/2021/12/image11.png]
[www.matchsourcing.com/wp-content/uploads/2021/12/image5.png]
[www.matchsourcing.com/wp-content/uploads/2021/12/image8.png]
[www.matchsourcing.com/wp-content/uploads/2021/12/image7.png]
[www.matchsourcing.com/wp-content/uploads/2021/12/image9.png]
[www.matchsourcing.com/wp-content/uploads/2021/12/image1.jpg]
[www.matchsourcing.com/wp-content/uploads/2021/12/image4.png]
[www.matchsourcing.com/wp-content/uploads/2021/12/image2.png]
[www.matchsourcing.com/wp-content/uploads/2021/12/image10.png]
[www.matchsourcing.com/wp-content/uploads/2021/12/image6.png]
[www.matchsourcing.com/top-sourcing-agents-in-china.html]
[www.matchsourcing.com/top-sourcing-agents-in-china874b.html]
[www.matchsourcing.com/top-led-light-manufacturers-in-china/feed]
[www.matchsourcing.com/wp-json/wp/v2/posts/17524.json]
[www.matchsourcing.com/wp-json/oembed/1.0/embede8f8.json]
[www.matchsourcing.com/wp-json/oembed/1.0/embed26be]
[www.matchsourcing.com/wp-content/uploads/2021/12/osram.jpg]
[www.matchsourcing.com/wp-content/uploads/2021/12/tcl-1.jpg]
[www.matchsourcing.com/wp-content/uploads/2021/12/philips.jpg]
[www.matchsourcing.com/wp-content/uploads/2021/12/huayi.jpg]
[www.matchsourcing.com/wp-content/uploads/2021/12/opple.jpg]
[www.matchsourcing.com/wp-content/uploads/2021/12/yankon.jpg]
[www.matchsourcing.com/wp-content/uploads/2021/12/panasonic-1.jpg]
[www.matchsourcing.com/wp-content/uploads/2021/12/fsl.jpg]
[www.matchsourcing.com/wp-content/uploads/2021/12/leboda.jpg]
[www.matchsourcing.com/wp-content/uploads/2021/12/nvc.jpg]
[www.matchsourcing.com/wp-content/uploads/2021/12/matchsourcing-logo.png]
[www.matchsourcing.com/top-led-light-manufacturers-in-china.html]
[www.matchsourcing.com/top-led-light-manufacturers-in-chinae21a.html]
[www.matchsourcing.com/how-to-import-electronics-from-china/feed]
[www.matchsourcing.com/wp-json/wp/v2/posts/15649.json]
[www.matchsourcing.com/wp-json/oembed/1.0/embed19d8.json]
[www.matchsourcing.com/wp-json/oembed/1.0/embed265f]
[www.matchsourcing.com/wp-content/uploads/2021/09/An-electronic-circuit.jpg]
[www.matchsourcing.com/wp-content/uploads/2021/09/A-laptop-on-a-table.jpg]
[www.matchsourcing.com/wp-content/uploads/2021/09/A-telephone.jpg]
[www.matchsourcing.com/wp-content/uploads/2021/09/A-washing-machine.jpg]
[www.matchsourcing.com/wp-content/uploads/2021/09/A-google-search.jpg]
[www.matchsourcing.com/wp-content/uploads/2021/09/A-group-of-people.jpg]
[www.matchsourcing.com/wp-content/uploads/2021/09/Good-vibes-only-sign.jpg]
[www.matchsourcing.com/wp-content/uploads/2021/09/A-to-do-list.jpg]
[www.matchsourcing.com/wp-content/uploads/2021/09/A-Huawei-gadget.jpg]
[www.matchsourcing.com/wp-content/uploads/2021/09/Aliexpress-label.jpg]
[www.matchsourcing.com/how-to-import-electronics-from-china.html]
[www.matchsourcing.com/7-best-chinese-wholesale-websites/feed]
[www.matchsourcing.com/wp-json/wp/v2/posts/15452.json]
[www.matchsourcing.com/wp-json/oembed/1.0/embedc07c.json]
[www.matchsourcing.com/7-best-chinese-wholesale-websites.html]
[www.matchsourcing.com/wp-json/oembed/1.0/embeddb1b]
[www.matchsourcing.com/chinese-holidays-2017/feed]
[www.matchsourcing.com/wp-json/wp/v2/posts/657.json]
[www.matchsourcing.com/wp-json/oembed/1.0/embedacab.json]
[www.matchsourcing.com/wp-json/oembed/1.0/embed7bea]
[www.matchsourcing.com/wp-content/uploads/2019/05/Public-Holidays-2021China-1-1024x937.jpg]
[www.matchsourcing.com/wp-content/uploads/2016/12/Chinese-spring-festival-traditions-1024x635.jpg]
[www.matchsourcing.com/wp-content/uploads/2016/12/Chinese-new-year-travel-rush-1024x683.jpg]
[www.matchsourcing.com/wp-content/uploads/2016/12/Migrant-workers-going-back-home.jpg]
[www.matchsourcing.com/wp-content/uploads/2016/12/WeChat-Red-Packets.jpg]
[www.matchsourcing.com/wp-content/uploads/2016/12/China-Customs.jpg]
[www.matchsourcing.com/wp-content/uploads/2016/12/CCPIT1-1024x824.jpg]
[www.matchsourcing.com/wp-content/uploads/2016/12/Order-Production-priority.jpg]
[www.matchsourcing.com/wp-content/uploads/2016/12/cost-increasing-in-CNY-period-1024x574.jpg]
[www.matchsourcing.com/wp-content/uploads/2016/12/make-money.jpg]
[www.matchsourcing.com/chinese-holidays-2017.html]
[www.matchsourcing.com/costly-mistakes-to-avoid-in-china-sourcing-3/feed]
[www.matchsourcing.com/wp-json/wp/v2/posts/739.json]
[www.matchsourcing.com/wp-json/oembed/1.0/embed997f.json]
[www.matchsourcing.com/wp-json/oembed/1.0/embed95c9]
[www.matchsourcing.com/wp-content/uploads/2017/01/Verify-Chinese-Suppliers-1024x724.jpg]
[www.matchsourcing.com/wp-content/uploads/2017/01/Chinese-factory-visit-1024x512.jpg]
[www.matchsourcing.com/wp-content/uploads/2017/01/balance_paid.png]
[www.matchsourcing.com/wp-content/uploads/2017/01/How-to-protect-your-IP-in-from-China-1024x835.jpg]
[www.matchsourcing.com/wp-content/uploads/2017/01/customs.jpg]
[www.matchsourcing.com/wp-content/uploads/2017/01/Incoterms-Ref.jpg]
[www.matchsourcing.com/wp-content/uploads/2017/01/Do-not-assume-in-your-China-sourcing-process.jpg]
[www.matchsourcing.com/wp-content/uploads/2017/01/Expectation-management-in-China-sourcing-1024x754.png]
[www.matchsourcing.com/wp-content/uploads/2017/01/Role-play-and-educate-Chinese-suppliers.jpg]
[www.matchsourcing.com/costly-mistakes-to-avoid-in-china-sourcing-3.html]
[www.matchsourcing.com/costly-mistakes-to-avoid-in-china-sourcing-2/feed]
[www.matchsourcing.com/wp-json/wp/v2/posts/720.json]
[www.matchsourcing.com/wp-json/oembed/1.0/embed8939.json]
[www.matchsourcing.com/wp-json/oembed/1.0/embed9716]
[www.matchsourcing.com/wp-content/uploads/2017/01/Working-With-Chinese-Suppliers.png]
[www.matchsourcing.com/wp-content/uploads/2017/01/FREE-SAMPLES-1024x1024.jpg]
[www.matchsourcing.com/wp-content/uploads/2017/01/100-communication-via-online-channels-with-your-Chinese-vendors-1024x719.jpg]
[www.matchsourcing.com/wp-content/uploads/2017/01/write-down-all-necessary-details-on-the-documents.jpg]
[www.matchsourcing.com/wp-content/uploads/2017/01/quality-assurance-quality-control-1024x296.jpg]
[www.matchsourcing.com/wp-content/uploads/2017/01/Quality-Control-Quality-Inspection-1024x768.jpg]
[www.matchsourcing.com/costly-mistakes-to-avoid-in-china-sourcing-2.html]
[www.matchsourcing.com/shipping-from-china-2/feed]
[www.matchsourcing.com/wp-json/wp/v2/posts/630.json]
[www.matchsourcing.com/wp-json/oembed/1.0/embed3af6.json]
[www.matchsourcing.com/wp-json/oembed/1.0/embedb499]
[www.matchsourcing.com/wp-content/uploads/2016/12/shipping-from-China-300x240.jpg]
[www.matchsourcing.com/wp-content/uploads/2016/12/Air-Shipping_Medium-300x199.jpg]
[www.matchsourcing.com/wp-content/uploads/2016/12/shipping-carriers.jpg]
[www.matchsourcing.com/wp-content/uploads/2016/12/CHINA_POST-212x300.png]
[www.matchsourcing.com/wp-content/uploads/2016/12/maersk-shipping-by-sea-300x151.jpg]
[www.matchsourcing.com/wp-content/uploads/2016/12/rail-shipping-300x200.jpg]
[www.matchsourcing.com/wp-content/uploads/2016/12/Shipping-freight-cost-242x300.png]
[www.matchsourcing.com/wp-content/uploads/2016/12/e-commerce-order-fulfillment-process-300x188.jpg]
[www.matchsourcing.com/shipping-from-china-2.html]
[www.matchsourcing.com/handle-a-sample-order-2/feed]
[www.matchsourcing.com/wp-json/wp/v2/posts/610.json]
[www.matchsourcing.com/wp-json/oembed/1.0/embed0ab5.json]
[www.matchsourcing.com/wp-json/oembed/1.0/embedd794]
[www.matchsourcing.com/wp-content/uploads/2016/12/handle-a-sample-order-300x180.jpg]
[www.matchsourcing.com/wp-content/uploads/2016/12/types-of-samples-300x224.jpg]
[www.matchsourcing.com/wp-content/uploads/2016/12/Pre-production.png]
[www.matchsourcing.com/wp-content/uploads/2016/12/a.Product-details-744x1024.png]
[www.matchsourcing.com/wp-content/uploads/2016/12/leadtime.png]
[www.matchsourcing.com/wp-content/uploads/2016/12/sample-shipping.jpg]
[www.matchsourcing.com/wp-content/uploads/2016/12/manage-samples-300x300.jpg]
[www.matchsourcing.com/handle-a-sample-order-2.html]
[www.matchsourcing.com/sourcing-blog/page/6.html]
[www.matchsourcing.com/import-products-from-chinab621.html]
[www.matchsourcing.com/import-products-from-chinaa2f2.html]
[www.matchsourcing.com/negotiate-with-suppliers-27c98.html]
[www.matchsourcing.com/costly-mistakes-to-avoid-in-china-sourcing-16944.html]
[www.matchsourcing.com/costly-mistakes-to-avoid-in-china-sourcing-1a858.html]
[www.matchsourcing.com/how-to-import-toys-from-china9e3c.html]
[www.matchsourcing.com/how-to-find-clothing-manufacturers-in-chinac4b3.html]
[www.matchsourcing.com/import-mobile-phone-accessories-from-chinaa6a8.html]
[www.matchsourcing.com/import-mobile-phone-accessories-from-china2f22.html]
[www.matchsourcing.com/china-jewelry-wholesale-market-list4174.html]
[www.matchsourcing.com/china-jewelry-wholesale-market-list2f7a.html]
[www.matchsourcing.com/china-jewelry-wholesale-market-list16ba.html]
[www.matchsourcing.com/import-handbags-from-china7fec.html]
[www.matchsourcing.com/difference-between-oem-odm-obm9eaa.html]
[www.matchsourcing.com/top-hot-selling-products-to-import-from-chinaccd5.html]
[www.matchsourcing.com/top-sourcing-agents-in-china874b.html]
[www.matchsourcing.com/top-led-light-manufacturers-in-chinae21a.html]
